217.71.203.234 - - [28/Mar/2025:11:38:26 +0100] "GET /sites/default/files/FotosBarbanza/Igrexa%20de%20Santa%20M.%C2%AA%20A%20Antiga%20do%20Carami%C3%B1al_APobra_01.jpg HTTP/1.1" 200 377427 "-" "Drupal/10.4.4 (+https://www.drupal.org/) GuzzleHttp/7"
217.71.203.234 - - [28/Mar/2025:11:38:27 +0100] "GET /sites/default/files/FotosBarbanza/Igrexa%20de%20Santiago%20do%20De%C3%A1n_APobra_01.jpg HTTP/1.1" 200 322979 "-" "Drupal/10.4.4 (+https://www.drupal.org/) GuzzleHttp/7"
217.71.203.234 - - [28/Mar/2025:11:38:27 +0100] "GET /sites/default/files/FotosBarbanza/Miradoiro%20da%20Curoti%C3%B1a_APobra_01.jpg HTTP/1.1" 200 449182 "-" "Drupal/10.4.4 (+https://www.drupal.org/) GuzzleHttp/7"
88.16.154.30 - - [28/Mar/2025:11:38:26 +0100] "POST /batch?id=152&op=do_nojs&op=do&_format=json HTTP/1.1" 200 654 "https://barbanza.sixtema.dev/batch?id=152&op=start" "Mozilla/5.0 (Windows NT 10.0; Win64; x64) AppleWebKit/537.36 (KHTML, like Gecko) Chrome/134.0.0.0 Safari/537.36"
217.71.203.234 - - [28/Mar/2025:11:38:27 +0100] "GET /sites/default/files/FotosBarbanza/Miradoiro%20de%20Valle-Incl%C3%A1n_APobra_01.jpg HTTP/1.1" 200 345489 "-" "Drupal/10.4.4 (+https://www.drupal.org/) GuzzleHttp/7"
217.71.203.234 - - [28/Mar/2025:11:38:28 +0100] "GET /sites/default/files/FotosBarbanza/N%C3%BAcleo%20hist%C3%B3rico%20do%20Castelo_APobra_01.jpg HTTP/1.1" 200 100204 "-" "Drupal/10.4.4 (+https://www.drupal.org/) GuzzleHttp/7"
217.71.203.234 - - [28/Mar/2025:11:38:28 +0100] "GET /sites/default/files/FotosBarbanza/Piscinas%20naturais%20do%20r%C3%ADo%20das%20Pedras_APobra_01.jpg HTTP/1.1" 200 479815 "-" "Drupal/10.4.4 (+https://www.drupal.org/) GuzzleHttp/7"
88.16.154.30 - - [28/Mar/2025:11:38:27 +0100] "POST /batch?id=152&op=do_nojs&op=do&_format=json HTTP/1.1" 200 654 "https://barbanza.sixtema.dev/batch?id=152&op=start" "Mozilla/5.0 (Windows NT 10.0; Win64; x64) AppleWebKit/537.36 (KHTML, like Gecko) Chrome/134.0.0.0 Safari/537.36"
217.71.203.234 - - [28/Mar/2025:11:38:28 +0100] "GET /sites/default/files/FotosBarbanza/Calzada%20romana%20de%20Vitres_Boiro_01.jpg HTTP/1.1" 200 475163 "-" "Drupal/10.4.4 (+https://www.drupal.org/) GuzzleHttp/7"
217.71.203.234 - - [28/Mar/2025:11:38:29 +0100] "GET /sites/default/files/FotosBarbanza/Castelo%20de%20Vitres_Boiro_01.jpg HTTP/1.1" 200 417163 "-" "Drupal/10.4.4 (+https://www.drupal.org/) GuzzleHttp/7"
217.71.203.234 - - [28/Mar/2025:11:38:29 +0100] "GET /sites/default/files/FotosBarbanza/Esteiro%20do%20r%C3%ADo%20Coro%C3%B1o_Boiro_01.jpg HTTP/1.1" 200 1061929 "-" "Drupal/10.4.4 (+https://www.drupal.org/) GuzzleHttp/7"
217.71.203.234 - - [28/Mar/2025:11:38:29 +0100] "GET /sites/default/files/FotosBarbanza/Fervenza%20de%20Cadarnoxo_Boiro_01.jpg HTTP/1.1" 200 119042 "-" "Drupal/10.4.4 (+https://www.drupal.org/) GuzzleHttp/7"
88.16.154.30 - - [28/Mar/2025:11:38:28 +0100] "POST /batch?id=152&op=do_nojs&op=do&_format=json HTTP/1.1" 200 654 "https://barbanza.sixtema.dev/batch?id=152&op=start" "Mozilla/5.0 (Windows NT 10.0; Win64; x64) AppleWebKit/537.36 (KHTML, like Gecko) Chrome/134.0.0.0 Safari/537.36"
217.71.203.234 - - [28/Mar/2025:11:38:29 +0100] "GET /sites/default/files/FotosBarbanza/Igrexa%20de%20San%20Ram%C3%B3n%20de%20Bealo_%20Boiro_01.jpg HTTP/1.1" 200 241583 "-" "Drupal/10.4.4 (+https://www.drupal.org/) GuzzleHttp/7"
217.71.203.234 - - [28/Mar/2025:11:38:30 +0100] "GET /sites/default/files/FotosBarbanza/Miradoiro%20Coto%20da%20Filloa_Boiro_01.jpg HTTP/1.1" 200 376639 "-" "Drupal/10.4.4 (+https://www.drupal.org/) GuzzleHttp/7"
217.71.203.234 - - [28/Mar/2025:11:38:30 +0100] "GET /sites/default/files/FotosBarbanza/Petr%C3%B3glifos%20de%20Laxe%20de%20Agoeiro_%20Boiro_01.jpg HTTP/1.1" 200 193789 "-" "Drupal/10.4.4 (+https://www.drupal.org/) GuzzleHttp/7"
88.16.154.30 - - [28/Mar/2025:11:38:29 +0100] "POST /batch?id=152&op=do_nojs&op=do&_format=json HTTP/1.1" 200 654 "https://barbanza.sixtema.dev/batch?id=152&op=start" "Mozilla/5.0 (Windows NT 10.0; Win64; x64) AppleWebKit/537.36 (KHTML, like Gecko) Chrome/134.0.0.0 Safari/537.36"
217.71.203.234 - - [28/Mar/2025:11:38:31 +0100] "GET /sites/default/files/FotosBarbanza/Aula%20Activa%20do%20Mar_Rianxo_01.jpg HTTP/1.1" 200 392942 "-" "Drupal/10.4.4 (+https://www.drupal.org/) GuzzleHttp/7"
217.71.203.234 - - [28/Mar/2025:11:38:31 +0100] "GET /sites/default/files/FotosBarbanza/Casa%20Castelao_Rianxo_01.jpg HTTP/1.1" 200 138342 "-" "Drupal/10.4.4 (+https://www.drupal.org/) GuzzleHttp/7"
217.71.203.234 - - [28/Mar/2025:11:38:31 +0100] "GET /sites/default/files/FotosBarbanza/Casa%20de%20Rafael%20Dieste_Rianxo_01.jpg HTTP/1.1" 200 62388 "-" "Drupal/10.4.4 (+https://www.drupal.org/) GuzzleHttp/7"
88.16.154.30 - - [28/Mar/2025:11:38:30 +0100] "POST /batch?id=152&op=do_nojs&op=do&_format=json HTTP/1.1" 200 654 "https://barbanza.sixtema.dev/batch?id=152&op=start" "Mozilla/5.0 (Windows NT 10.0; Win64; x64) AppleWebKit/537.36 (KHTML, like Gecko) Chrome/134.0.0.0 Safari/537.36"
217.71.203.234 - - [28/Mar/2025:11:38:32 +0100] "GET /sites/default/files/FotosBarbanza/M%C3%A1moas%20dos%20Campi%C3%B1os_Rianxo_01.jpg HTTP/1.1" 200 164770 "-" "Drupal/10.4.4 (+https://www.drupal.org/) GuzzleHttp/7"
217.71.203.234 - - [28/Mar/2025:11:38:32 +0100] "GET /sites/default/files/FotosBarbanza/Miradoiro%20Pico%20da%20Muralla_Rianxo_01.jpg HTTP/1.1" 200 670648 "-" "Drupal/10.4.4 (+https://www.drupal.org/) GuzzleHttp/7"
217.71.203.234 - - [28/Mar/2025:11:38:32 +0100] "GET /sites/default/files/FotosBarbanza/Museo%20de%20escultura%20N%C3%B3s%20Nuco_Rianxo_01.jpg HTTP/1.1" 200 359095 "-" "Drupal/10.4.4 (+https://www.drupal.org/) GuzzleHttp/7"
217.71.203.234 - - [28/Mar/2025:11:38:33 +0100] "GET /sites/default/files/FotosBarbanza/Petr%C3%B3glifo%20Rianxi%C3%B1o_Rianxo_01.jpg HTTP/1.1" 200 15470771 "-" "Drupal/10.4.4 (+https://www.drupal.org/) GuzzleHttp/7"
88.16.154.30 - - [28/Mar/2025:11:38:32 +0100] "POST /batch?id=152&op=do_nojs&op=do&_format=json HTTP/1.1" 200 654 "https://barbanza.sixtema.dev/batch?id=152&op=start" "Mozilla/5.0 (Windows NT 10.0; Win64; x64) AppleWebKit/537.36 (KHTML, like Gecko) Chrome/134.0.0.0 Safari/537.36"
217.71.203.234 - - [28/Mar/2025:11:38:33 +0100] "GET /sites/default/files/FotosBarbanza/Petr%C3%B3glifos%20A%20Foxa%20Vella_Rianxo_01.jpg HTTP/1.1" 200 13626633 "-" "Drupal/10.4.4 (+https://www.drupal.org/) GuzzleHttp/7"
217.71.203.234 - - [28/Mar/2025:11:38:33 +0100] "GET /sites/default/files/FotosBarbanza/Petr%C3%B3glifos%20A%20Foxa%20Vella_Rianxo_03.jpg HTTP/1.1" 200 18031308 "-" "Drupal/10.4.4 (+https://www.drupal.org/) GuzzleHttp/7"
217.71.203.234 - - [28/Mar/2025:11:38:33 +0100] "GET /sites/default/files/FotosBarbanza/Petr%C3%B3glifos%20A%20Foxa%20Vella_Rianxo_04.jpg HTTP/1.1" 200 16024337 "-" "Drupal/10.4.4 (+https://www.drupal.org/) GuzzleHttp/7"
217.71.203.234 - - [28/Mar/2025:11:38:33 +0100] "GET /sites/default/files/FotosBarbanza/Petr%C3%B3glifos%20A%20Foxa%20Vella_Rianxo_05.jpg HTTP/1.1" 200 21048739 "-" "Drupal/10.4.4 (+https://www.drupal.org/) GuzzleHttp/7"
88.16.154.30 - - [28/Mar/2025:11:38:33 +0100] "POST /batch?id=152&op=do_nojs&op=do&_format=json HTTP/1.1" 200 654 "https://barbanza.sixtema.dev/batch?id=152&op=start" "Mozilla/5.0 (Windows NT 10.0; Win64; x64) AppleWebKit/537.36 (KHTML, like Gecko) Chrome/134.0.0.0 Safari/537.36"
217.71.203.234 - - [28/Mar/2025:11:38:35 +0100] "GET /sites/default/files/FotosBarbanza/Petr%C3%B3glifos%20Peloti%C3%B1o_Rianxo_01.jpg HTTP/1.1" 200 16175025 "-" "Drupal/10.4.4 (+https://www.drupal.org/) GuzzleHttp/7"
217.71.203.234 - - [28/Mar/2025:11:38:35 +0100] "GET /sites/default/files/FotosBarbanza/Petr%C3%B3glifos%20Peloti%C3%B1o_Rianxo_03.jpg HTTP/1.1" 200 25439691 "-" "Drupal/10.4.4 (+https://www.drupal.org/) GuzzleHttp/7"
217.71.203.234 - - [28/Mar/2025:11:38:35 +0100] "GET /sites/default/files/FotosBarbanza/Petr%C3%B3glifos%20Peloti%C3%B1o_Rianxo_04.jpg HTTP/1.1" 200 8945337 "-" "Drupal/10.4.4 (+https://www.drupal.org/) GuzzleHttp/7"
88.16.154.30 - - [28/Mar/2025:11:38:35 +0100] "-" 408 323 "-" "-"
217.71.203.234 - - [28/Mar/2025:11:38:35 +0100] "GET /sites/default/files/FotosBarbanza/Petr%C3%B3glifos%20Peloti%C3%B1o_Rianxo_05.jpg HTTP/1.1" 200 10364055 "-" "Drupal/10.4.4 (+https://www.drupal.org/) GuzzleHttp/7"
88.16.154.30 - - [28/Mar/2025:11:38:34 +0100] "POST /batch?id=152&op=do_nojs&op=do&_format=json HTTP/1.1" 200 654 "https://barbanza.sixtema.dev/batch?id=152&op=start" "Mozilla/5.0 (Windows NT 10.0; Win64; x64) AppleWebKit/537.36 (KHTML, like Gecko) Chrome/134.0.0.0 Safari/537.36"
217.71.203.234 - - [28/Mar/2025:11:38:36 +0100] "GET /sites/default/files/FotosBarbanza/Petr%C3%B3glifos%20Os%20Campos_Rianxo_01.jpg HTTP/1.1" 404 3388 "-" "Drupal/10.4.4 (+https://www.drupal.org/) GuzzleHttp/7"
217.71.203.234 - - [28/Mar/2025:11:38:36 +0100] "GET /sites/default/files/FotosBarbanza/Piscina%20natural%20do%20Pozo%20Bast%C3%B3n_Rianxo_01.jpg HTTP/1.1" 200 114876 "-" "Drupal/10.4.4 (+https://www.drupal.org/) GuzzleHttp/7"
217.71.203.234 - - [28/Mar/2025:11:38:36 +0100] "GET /sites/default/files/FotosBarbanza/Porto%20de%20Rianxo_Rianxo_01.jpg HTTP/1.1" 200 347308 "-" "Drupal/10.4.4 (+https://www.drupal.org/) GuzzleHttp/7"
217.71.203.234 - - [28/Mar/2025:11:38:36 +0100] "GET /sites/default/files/FotosBarbanza/Porto%20de%20Rianxo_Rianxo_03.jpg HTTP/1.1" 404 799 "-" "Drupal/10.4.4 (+https://www.drupal.org/) GuzzleHttp/7"
217.71.203.234 - - [28/Mar/2025:11:38:36 +0100] "GET /sites/default/files/FotosBarbanza/Sendeiro%20ambiental%20do%20r%C3%ADo%20T%C3%A9_Rianxo_01.jpg HTTP/1.1" 200 383589 "-" "Drupal/10.4.4 (+https://www.drupal.org/) GuzzleHttp/7"
88.16.154.30 - - [28/Mar/2025:11:38:36 +0100] "POST /batch?id=152&op=do_nojs&op=do&_format=json HTTP/1.1" 200 655 "https://barbanza.sixtema.dev/batch?id=152&op=start" "Mozilla/5.0 (Windows NT 10.0; Win64; x64) AppleWebKit/537.36 (KHTML, like Gecko) Chrome/134.0.0.0 Safari/537.36"
88.16.154.30 - - [28/Mar/2025:11:38:37 +0100] "GET /batch?id=152&op=do_nojs&op=finished HTTP/1.1" 303 1046 "https://barbanza.sixtema.dev/batch?id=152&op=start" "Mozilla/5.0 (Windows NT 10.0; Win64; x64) AppleWebKit/537.36 (KHTML, like Gecko) Chrome/134.0.0.0 Safari/537.36"
88.16.154.30 - - [28/Mar/2025:11:38:37 +0100] "GET /themes/custom/artisan_caminofrances/build/css/nuevos.css?sttwdg HTTP/1.1" 200 2419 "https://barbanza.sixtema.dev/feed/1" "Mozilla/5.0 (Windows NT 10.0; Win64; x64) AppleWebKit/537.36 (KHTML, like Gecko) Chrome/134.0.0.0 Safari/537.36"
88.16.154.30 - - [28/Mar/2025:11:38:37 +0100] "GET /feed/1 HTTP/1.1" 200 27811 "https://barbanza.sixtema.dev/batch?id=152&op=start" "Mozilla/5.0 (Windows NT 10.0; Win64; x64) AppleWebKit/537.36 (KHTML, like Gecko) Chrome/134.0.0.0 Safari/537.36"
88.16.154.30 - - [28/Mar/2025:11:38:37 +0100] "GET /favicon.ico HTTP/1.1" 404 554 "https://barbanza.sixtema.dev/feed/1" "Mozilla/5.0 (Windows NT 10.0; Win64; x64) AppleWebKit/537.36 (KHTML, like Gecko) Chrome/134.0.0.0 Safari/537.36"
88.16.154.30 - - [28/Mar/2025:11:45:31 +0100] "GET /admin/content/feed HTTP/1.1" 200 29191 "https://barbanza.sixtema.dev/feed/1" "Mozilla/5.0 (Windows NT 10.0; Win64; x64) AppleWebKit/537.36 (KHTML, like Gecko) Chrome/134.0.0.0 Safari/537.36"
88.16.154.30 - - [28/Mar/2025:11:45:33 +0100] "GET /feed/1 HTTP/1.1" 200 27429 "https://barbanza.sixtema.dev/admin/content/feed" "Mozilla/5.0 (Windows NT 10.0; Win64; x64) AppleWebKit/537.36 (KHTML, like Gecko) Chrome/134.0.0.0 Safari/537.36"
88.16.154.30 - - [28/Mar/2025:11:45:34 +0100] "GET /favicon.ico HTTP/1.1" 404 554 "https://barbanza.sixtema.dev/feed/1" "Mozilla/5.0 (Windows NT 10.0; Win64; x64) AppleWebKit/537.36 (KHTML, like Gecko) Chrome/134.0.0.0 Safari/537.36"
88.16.154.30 - - [28/Mar/2025:11:45:35 +0100] "GET /feed/1/edit HTTP/1.1" 200 27520 "https://barbanza.sixtema.dev/feed/1" "Mozilla/5.0 (Windows NT 10.0; Win64; x64) AppleWebKit/537.36 (KHTML, like Gecko) Chrome/134.0.0.0 Safari/537.36"
88.16.154.30 - - [28/Mar/2025:11:45:36 +0100] "POST /feed/1/edit?element_parents=plugin/fetcher/source&ajax_form=1&_wrapper_format=drupal_ajax HTTP/1.1" 200 6729 "https://barbanza.sixtema.dev/feed/1/edit" "Mozilla/5.0 (Windows NT 10.0; Win64; x64) AppleWebKit/537.36 (KHTML, like Gecko) Chrome/134.0.0.0 Safari/537.36"
88.16.154.30 - - [28/Mar/2025:11:45:45 +0100] "POST /feed/1/edit?element_parents=plugin/fetcher/source&ajax_form=1&_wrapper_format=drupal_ajax&_wrapper_format=drupal_ajax HTTP/1.1" 200 9107 "https://barbanza.sixtema.dev/feed/1/edit" "Mozilla/5.0 (Windows NT 10.0; Win64; x64) AppleWebKit/537.36 (KHTML, like Gecko) Chrome/134.0.0.0 Safari/537.36"
88.16.154.30 - - [28/Mar/2025:11:45:46 +0100] "POST /feed/1/edit HTTP/1.1" 302 1032 "https://barbanza.sixtema.dev/feed/1/edit" "Mozilla/5.0 (Windows NT 10.0; Win64; x64) AppleWebKit/537.36 (KHTML, like Gecko) Chrome/134.0.0.0 Safari/537.36"
88.16.154.30 - - [28/Mar/2025:11:45:47 +0100] "GET /batch?id=153&op=start HTTP/1.1" 200 20348 "https://barbanza.sixtema.dev/feed/1/edit" "Mozilla/5.0 (Windows NT 10.0; Win64; x64) AppleWebKit/537.36 (KHTML, like Gecko) Chrome/134.0.0.0 Safari/537.36"
88.16.154.30 - - [28/Mar/2025:11:45:47 +0100] "GET /core/misc/batch.js?1743158747 HTTP/1.1" 200 1029 "https://barbanza.sixtema.dev/batch?id=153&op=start" "Mozilla/5.0 (Windows NT 10.0; Win64; x64) AppleWebKit/537.36 (KHTML, like Gecko) Chrome/134.0.0.0 Safari/537.36"
88.16.154.30 - - [28/Mar/2025:11:45:48 +0100] "POST /batch?id=153&op=do_nojs&op=do&_format=json HTTP/1.1" 200 653 "https://barbanza.sixtema.dev/batch?id=153&op=start" "Mozilla/5.0 (Windows NT 10.0; Win64; x64) AppleWebKit/537.36 (KHTML, like Gecko) Chrome/134.0.0.0 Safari/537.36"
217.71.203.234 - - [28/Mar/2025:11:45:50 +0100] "GET /sites/default/files/FotosBarbanza/Castro%20da%20Croa%20de%20Postmarcos_APobra_01.jpg HTTP/1.1" 200 243114 "-" "Drupal/10.4.4 (+https://www.drupal.org/) GuzzleHttp/7"
88.16.154.30 - - [28/Mar/2025:11:45:49 +0100] "POST /batch?id=153&op=do_nojs&op=do&_format=json HTTP/1.1" 200 654 "https://barbanza.sixtema.dev/batch?id=153&op=start" "Mozilla/5.0 (Windows NT 10.0; Win64; x64) AppleWebKit/537.36 (KHTML, like Gecko) Chrome/134.0.0.0 Safari/537.36"
88.16.154.30 - - [28/Mar/2025:11:45:50 +0100] "POST /batch?id=153&op=do_nojs&op=do&_format=json HTTP/1.1" 200 654 "https://barbanza.sixtema.dev/batch?id=153&op=start" "Mozilla/5.0 (Windows NT 10.0; Win64; x64) AppleWebKit/537.36 (KHTML, like Gecko) Chrome/134.0.0.0 Safari/537.36"
217.71.203.234 - - [28/Mar/2025:11:45:52 +0100] "GET /sites/default/files/FotosBarbanza/Petr%C3%B3glifos%20Os%20Campos_Rianxo_01.jpg HTTP/1.1" 404 3388 "-" "Drupal/10.4.4 (+https://www.drupal.org/) GuzzleHttp/7"
88.16.154.30 - - [28/Mar/2025:11:45:51 +0100] "POST /batch?id=153&op=do_nojs&op=do&_format=json HTTP/1.1" 200 654 "https://barbanza.sixtema.dev/batch?id=153&op=start" "Mozilla/5.0 (Windows NT 10.0; Win64; x64) AppleWebKit/537.36 (KHTML, like Gecko) Chrome/134.0.0.0 Safari/537.36"
217.71.203.234 - - [28/Mar/2025:11:45:53 +0100] "GET /sites/default/files/FotosBarbanza/Porto%20de%20Rianxo_Rianxo_01.jpg HTTP/1.1" 200 349885 "-" "Drupal/10.4.4 (+https://www.drupal.org/) GuzzleHttp/7"
88.16.154.30 - - [28/Mar/2025:11:45:53 +0100] "POST /batch?id=153&op=do_nojs&op=do&_format=json HTTP/1.1" 200 655 "https://barbanza.sixtema.dev/batch?id=153&op=start" "Mozilla/5.0 (Windows NT 10.0; Win64; x64) AppleWebKit/537.36 (KHTML, like Gecko) Chrome/134.0.0.0 Safari/537.36"
88.16.154.30 - - [28/Mar/2025:11:45:53 +0100] "GET /batch?id=153&op=do_nojs&op=finished HTTP/1.1" 303 1046 "https://barbanza.sixtema.dev/batch?id=153&op=start" "Mozilla/5.0 (Windows NT 10.0; Win64; x64) AppleWebKit/537.36 (KHTML, like Gecko) Chrome/134.0.0.0 Safari/537.36"
88.16.154.30 - - [28/Mar/2025:11:45:54 +0100] "GET /feed/1 HTTP/1.1" 200 27751 "https://barbanza.sixtema.dev/batch?id=153&op=start" "Mozilla/5.0 (Windows NT 10.0; Win64; x64) AppleWebKit/537.36 (KHTML, like Gecko) Chrome/134.0.0.0 Safari/537.36"
88.16.154.30 - - [28/Mar/2025:11:45:54 +0100] "GET /favicon.ico HTTP/1.1" 404 554 "https://barbanza.sixtema.dev/feed/1" "Mozilla/5.0 (Windows NT 10.0; Win64; x64) AppleWebKit/537.36 (KHTML, like Gecko) Chrome/134.0.0.0 Safari/537.36"
88.16.154.30 - - [28/Mar/2025:11:46:06 +0100] "-" 408 323 "-" "-"
91.116.117.53 - - [28/Mar/2025:11:49:07 +0100] "-" 408 2568 "-" "-"
91.116.117.53 - - [28/Mar/2025:11:49:07 +0100] "-" 408 323 "-" "-"
48.216.249.1 - - [28/Mar/2025:11:50:14 +0100] "GET / HTTP/1.1" 200 14506 "-" "Mozilla/5.0 zgrab/0.x"
118.26.111.94 - - [28/Mar/2025:12:04:32 +0100] "GET / HTTP/1.1" 200 76316 "-" "Mozilla/5.0 (Macintosh; Intel Mac OS X 10_15_7) AppleWebKit/537.36 (KHTML, like Gecko) Chrome/120.0.0.0 Safari/537.36 Edg/120.0.0.0"
118.26.111.94 - - [28/Mar/2025:12:04:38 +0100] "GET /favicon.ico HTTP/1.1" 404 3035 "-" "Mozilla/5.0 (Macintosh; Intel Mac OS X 10_7_0) AppleWebKit/535.11 (KHTML, like Gecko) Chrome/17.0.963.56 Safari/535.11"
118.26.111.94 - - [28/Mar/2025:12:04:38 +0100] "GET /robots.txt HTTP/1.1" 200 3622 "-" "Mozilla/5.0 (Macintosh; Intel Mac OS X 10_7_0) AppleWebKit/535.11 (KHTML, like Gecko) Chrome/17.0.963.56 Safari/535.11"
118.26.111.94 - - [28/Mar/2025:12:04:57 +0100] "GET /modules/contrib/google_tag/js/gtag.ajax.js?sttwdg HTTP/1.1" 200 3221 "-" "Go-http-client/1.1"
118.26.111.94 - - [28/Mar/2025:12:04:57 +0100] "GET /modules/contrib/cookies/js/cookiesjsr.conf.js?v=10.4.4 HTTP/1.1" 200 3381 "-" "Go-http-client/1.1"
118.26.111.94 - - [28/Mar/2025:12:04:57 +0100] "GET /core/misc/debounce.js?v=10.4.4 HTTP/1.1" 200 3606 "-" "Go-http-client/1.1"
118.26.111.94 - - [28/Mar/2025:12:04:57 +0100] "GET /modules/custom/cookies_gtag_consent_mode/js/cookies_gtag_consent_mode.js?v=10.4.4 HTTP/1.1" 200 3464 "-" "Go-http-client/1.1"
118.26.111.94 - - [28/Mar/2025:12:04:57 +0100] "GET /core/misc/ajax.js?v=10.4.4 HTTP/1.1" 200 20126 "-" "Go-http-client/1.1"
118.26.111.94 - - [28/Mar/2025:12:04:58 +0100] "GET /core/misc/drupal.init.js?v=10.4.4 HTTP/1.1" 200 3432 "-" "Go-http-client/1.1"
118.26.111.94 - - [28/Mar/2025:12:04:58 +0100] "GET /sites/default/files/languages/gl_YaOUe1L3EKwjWUXo1YtQbFihAmcYOoGovBEoepyq-jY.js?sttwdg HTTP/1.1" 200 4013 "-" "Go-http-client/1.1"
118.26.111.94 - - [28/Mar/2025:12:05:02 +0100] "GET /config.json HTTP/1.1" 404 41653 "-" "Mozilla/5.0 (Macintosh; Intel Mac OS X 10_7_0) AppleWebKit/535.11 (KHTML, like Gecko) Chrome/17.0.963.56 Safari/535.11"
118.26.111.94 - - [28/Mar/2025:12:04:39 +0100] "GET /sitemap.xml HTTP/1.1" 200 8180 "-" "Mozilla/5.0 (Macintosh; Intel Mac OS X 10_7_0) AppleWebKit/535.11 (KHTML, like Gecko) Chrome/17.0.963.56 Safari/535.11"
91.116.117.53 - - [28/Mar/2025:12:08:04 +0100] "-" 408 2569 "-" "-"
91.116.117.53 - - [28/Mar/2025:12:08:04 +0100] "-" 408 323 "-" "-"
91.116.117.53 - - [28/Mar/2025:12:15:38 +0100] "-" 408 323 "-" "-"
91.116.117.53 - - [28/Mar/2025:12:15:38 +0100] "-" 408 2568 "-" "-"
88.16.154.30 - - [28/Mar/2025:12:17:48 +0100] "GET /admin/content/feed HTTP/1.1" 200 29189 "https://barbanza.sixtema.dev/feed/1" "Mozilla/5.0 (Windows NT 10.0; Win64; x64) AppleWebKit/537.36 (KHTML, like Gecko) Chrome/134.0.0.0 Safari/537.36"
88.16.154.30 - - [28/Mar/2025:12:17:51 +0100] "GET /feed/1 HTTP/1.1" 200 27432 "https://barbanza.sixtema.dev/admin/content/feed" "Mozilla/5.0 (Windows NT 10.0; Win64; x64) AppleWebKit/537.36 (KHTML, like Gecko) Chrome/134.0.0.0 Safari/537.36"
88.16.154.30 - - [28/Mar/2025:12:17:52 +0100] "GET /themes/custom/artisan_caminofrances/build/css/nuevos.css?sttwdg HTTP/1.1" 200 2095 "https://barbanza.sixtema.dev/feed/1" "Mozilla/5.0 (Windows NT 10.0; Win64; x64) AppleWebKit/537.36 (KHTML, like Gecko) Chrome/134.0.0.0 Safari/537.36"
88.16.154.30 - - [28/Mar/2025:12:17:52 +0100] "GET /favicon.ico HTTP/1.1" 404 554 "https://barbanza.sixtema.dev/feed/1" "Mozilla/5.0 (Windows NT 10.0; Win64; x64) AppleWebKit/537.36 (KHTML, like Gecko) Chrome/134.0.0.0 Safari/537.36"
88.16.154.30 - - [28/Mar/2025:12:17:53 +0100] "GET /feed/1/edit HTTP/1.1" 200 27513 "https://barbanza.sixtema.dev/feed/1" "Mozilla/5.0 (Windows NT 10.0; Win64; x64) AppleWebKit/537.36 (KHTML, like Gecko) Chrome/134.0.0.0 Safari/537.36"
88.16.154.30 - - [28/Mar/2025:12:17:55 +0100] "POST /feed/1/edit HTTP/1.1" 302 1032 "https://barbanza.sixtema.dev/feed/1/edit" "Mozilla/5.0 (Windows NT 10.0; Win64; x64) AppleWebKit/537.36 (KHTML, like Gecko) Chrome/134.0.0.0 Safari/537.36"
88.16.154.30 - - [28/Mar/2025:12:17:56 +0100] "GET /batch?id=154&op=start HTTP/1.1" 200 20348 "https://barbanza.sixtema.dev/feed/1/edit" "Mozilla/5.0 (Windows NT 10.0; Win64; x64) AppleWebKit/537.36 (KHTML, like Gecko) Chrome/134.0.0.0 Safari/537.36"
88.16.154.30 - - [28/Mar/2025:12:17:56 +0100] "GET /core/misc/batch.js?1743160676 HTTP/1.1" 200 1029 "https://barbanza.sixtema.dev/batch?id=154&op=start" "Mozilla/5.0 (Windows NT 10.0; Win64; x64) AppleWebKit/537.36 (KHTML, like Gecko) Chrome/134.0.0.0 Safari/537.36"
88.16.154.30 - - [28/Mar/2025:12:17:56 +0100] "POST /batch?id=154&op=do_nojs&op=do&_format=json HTTP/1.1" 200 654 "https://barbanza.sixtema.dev/batch?id=154&op=start" "Mozilla/5.0 (Windows NT 10.0; Win64; x64) AppleWebKit/537.36 (KHTML, like Gecko) Chrome/134.0.0.0 Safari/537.36"
88.16.154.30 - - [28/Mar/2025:12:17:57 +0100] "POST /batch?id=154&op=do_nojs&op=do&_format=json HTTP/1.1" 200 654 "https://barbanza.sixtema.dev/batch?id=154&op=start" "Mozilla/5.0 (Windows NT 10.0; Win64; x64) AppleWebKit/537.36 (KHTML, like Gecko) Chrome/134.0.0.0 Safari/537.36"
217.71.203.234 - - [28/Mar/2025:12:17:59 +0100] "GET /sites/default/files/FotosBarbanza/Petr%C3%B3glifos%20Os%20Campos_Rianxo_01.jpg HTTP/1.1" 200 68053 "-" "Drupal/10.4.4 (+https://www.drupal.org/) GuzzleHttp/7"
88.16.154.30 - - [28/Mar/2025:12:17:58 +0100] "POST /batch?id=154&op=do_nojs&op=do&_format=json HTTP/1.1" 200 654 "https://barbanza.sixtema.dev/batch?id=154&op=start" "Mozilla/5.0 (Windows NT 10.0; Win64; x64) AppleWebKit/537.36 (KHTML, like Gecko) Chrome/134.0.0.0 Safari/537.36"
88.16.154.30 - - [28/Mar/2025:12:18:00 +0100] "POST /batch?id=154&op=do_nojs&op=do&_format=json HTTP/1.1" 200 655 "https://barbanza.sixtema.dev/batch?id=154&op=start" "Mozilla/5.0 (Windows NT 10.0; Win64; x64) AppleWebKit/537.36 (KHTML, like Gecko) Chrome/134.0.0.0 Safari/537.36"
88.16.154.30 - - [28/Mar/2025:12:18:01 +0100] "GET /batch?id=154&op=do_nojs&op=finished HTTP/1.1" 303 1046 "https://barbanza.sixtema.dev/batch?id=154&op=start" "Mozilla/5.0 (Windows NT 10.0; Win64; x64) AppleWebKit/537.36 (KHTML, like Gecko) Chrome/134.0.0.0 Safari/537.36"
88.16.154.30 - - [28/Mar/2025:12:18:01 +0100] "GET /feed/1 HTTP/1.1" 200 27579 "https://barbanza.sixtema.dev/batch?id=154&op=start" "Mozilla/5.0 (Windows NT 10.0; Win64; x64) AppleWebKit/537.36 (KHTML, like Gecko) Chrome/134.0.0.0 Safari/537.36"
88.16.154.30 - - [28/Mar/2025:12:18:01 +0100] "GET /favicon.ico HTTP/1.1" 404 554 "https://barbanza.sixtema.dev/feed/1" "Mozilla/5.0 (Windows NT 10.0; Win64; x64) AppleWebKit/537.36 (KHTML, like Gecko) Chrome/134.0.0.0 Safari/537.36"
88.16.154.30 - - [28/Mar/2025:12:18:08 +0100] "-" 408 2562 "-" "-"
178.79.168.62 - - [28/Mar/2025:12:26:57 +0100] "GET / HTTP/1.1" 200 14692 "-" "Mozilla/5.0 (Windows NT 6.1; WOW64; rv:8.0) Gecko/20100101 Firefox/8.0"
83.35.166.56 - - [28/Mar/2025:13:11:27 +0100] "GET /core/modules/views/css/views-responsive-grid.css?sttwdg HTTP/1.1" 200 3517 "https://barbanza.sixtema.dev/" "Mozilla/5.0 (Windows NT 10.0; Win64; x64) AppleWebKit/537.36 (KHTML, like Gecko) Chrome/134.0.0.0 Safari/537.36"
83.35.166.56 - - [28/Mar/2025:13:11:27 +0100] "GET /core/misc/components/progress.module.css?sttwdg HTTP/1.1" 200 795 "https://barbanza.sixtema.dev/" "Mozilla/5.0 (Windows NT 10.0; Win64; x64) AppleWebKit/537.36 (KHTML, like Gecko) Chrome/134.0.0.0 Safari/537.36"
83.35.166.56 - - [28/Mar/2025:13:11:27 +0100] "GET /core/modules/system/css/components/align.module.css?sttwdg HTTP/1.1" 200 985 "https://barbanza.sixtema.dev/" "Mozilla/5.0 (Windows NT 10.0; Win64; x64) AppleWebKit/537.36 (KHTML, like Gecko) Chrome/134.0.0.0 Safari/537.36"
83.35.166.56 - - [28/Mar/2025:13:11:27 +0100] "GET /core/misc/components/ajax-progress.module.css?sttwdg HTTP/1.1" 200 1247 "https://barbanza.sixtema.dev/" "Mozilla/5.0 (Windows NT 10.0; Win64; x64) AppleWebKit/537.36 (KHTML, like Gecko) Chrome/134.0.0.0 Safari/537.36"
83.35.166.56 - - [28/Mar/2025:13:11:26 +0100] "GET / HTTP/1.1" 200 33621 "https://barbanza.sixtema.dev/concellos" "Mozilla/5.0 (Windows NT 10.0; Win64; x64) AppleWebKit/537.36 (KHTML, like Gecko) Chrome/134.0.0.0 Safari/537.36"
83.35.166.56 - - [28/Mar/2025:13:11:27 +0100] "GET /core/modules/system/css/components/fieldgroup.module.css?sttwdg HTTP/1.1" 200 3100 "https://barbanza.sixtema.dev/" "Mozilla/5.0 (Windows NT 10.0; Win64; x64) AppleWebKit/537.36 (KHTML, like Gecko) Chrome/134.0.0.0 Safari/537.36"
83.35.166.56 - - [28/Mar/2025:13:11:27 +0100] "GET /core/modules/system/css/components/container-inline.module.css?sttwdg HTTP/1.1" 200 613 "https://barbanza.sixtema.dev/" "Mozilla/5.0 (Windows NT 10.0; Win64; x64) AppleWebKit/537.36 (KHTML, like Gecko) Chrome/134.0.0.0 Safari/537.36"
83.35.166.56 - - [28/Mar/2025:13:11:27 +0100] "GET /core/modules/system/css/components/clearfix.module.css?sttwdg HTTP/1.1" 200 3228 "https://barbanza.sixtema.dev/" "Mozilla/5.0 (Windows NT 10.0; Win64; x64) AppleWebKit/537.36 (KHTML, like Gecko) Chrome/134.0.0.0 Safari/537.36"
83.35.166.56 - - [28/Mar/2025:13:11:27 +0100] "GET /core/modules/system/css/components/hidden.module.css?sttwdg HTTP/1.1" 200 1098 "https://barbanza.sixtema.dev/" "Mozilla/5.0 (Windows NT 10.0; Win64; x64) AppleWebKit/537.36 (KHTML, like Gecko) Chrome/134.0.0.0 Safari/537.36"
83.35.166.56 - - [28/Mar/2025:13:11:27 +0100] "GET /core/modules/system/css/components/details.module.css?sttwdg HTTP/1.1" 200 565 "https://barbanza.sixtema.dev/" "Mozilla/5.0 (Windows NT 10.0; Win64; x64) AppleWebKit/537.36 (KHTML, like Gecko) Chrome/134.0.0.0 Safari/537.36"
83.35.166.56 - - [28/Mar/2025:13:11:27 +0100] "GET /core/modules/system/css/components/item-list.module.css?sttwdg HTTP/1.1" 200 601 "https://barbanza.sixtema.dev/" "Mozilla/5.0 (Windows NT 10.0; Win64; x64) AppleWebKit/537.36 (KHTML, like Gecko) Chrome/134.0.0.0 Safari/537.36"
83.35.166.56 - - [28/Mar/2025:13:11:27 +0100] "GET /core/modules/system/css/components/js.module.css?sttwdg HTTP/1.1" 200 788 "https://barbanza.sixtema.dev/" "Mozilla/5.0 (Windows NT 10.0; Win64; x64) AppleWebKit/537.36 (KHTML, like Gecko) Chrome/134.0.0.0 Safari/537.36"
83.35.166.56 - - [28/Mar/2025:13:11:27 +0100] "GET /core/modules/system/css/components/nowrap.module.css?sttwdg HTTP/1.1" 200 548 "https://barbanza.sixtema.dev/" "Mozilla/5.0 (Windows NT 10.0; Win64; x64) AppleWebKit/537.36 (KHTML, like Gecko) Chrome/134.0.0.0 Safari/537.36"
83.35.166.56 - - [28/Mar/2025:13:11:27 +0100] "GET /core/modules/system/css/components/position-container.module.css?sttwdg HTTP/1.1" 200 537 "https://barbanza.sixtema.dev/" "Mozilla/5.0 (Windows NT 10.0; Win64; x64) AppleWebKit/537.36 (KHTML, like Gecko) Chrome/134.0.0.0 Safari/537.36"
83.35.166.56 - - [28/Mar/2025:13:11:27 +0100] "GET /core/modules/system/css/components/reset-appearance.module.css?sttwdg HTTP/1.1" 200 628 "https://barbanza.sixtema.dev/" "Mozilla/5.0 (Windows NT 10.0; Win64; x64) AppleWebKit/537.36 (KHTML, like Gecko) Chrome/134.0.0.0 Safari/537.36"
83.35.166.56 - - [28/Mar/2025:13:11:27 +0100] "GET /core/modules/system/css/components/resize.module.css?sttwdg HTTP/1.1" 200 600 "https://barbanza.sixtema.dev/" "Mozilla/5.0 (Windows NT 10.0; Win64; x64) AppleWebKit/537.36 (KHTML, like Gecko) Chrome/134.0.0.0 Safari/537.36"
83.35.166.56 - - [28/Mar/2025:13:11:27 +0100] "GET /core/modules/system/css/components/system-status-counter.css?sttwdg HTTP/1.1" 200 760 "https://barbanza.sixtema.dev/" "Mozilla/5.0 (Windows NT 10.0; Win64; x64) AppleWebKit/537.36 (KHTML, like Gecko) Chrome/134.0.0.0 Safari/537.36"
83.35.166.56 - - [28/Mar/2025:13:11:27 +0100] "GET /core/modules/system/css/components/system-status-report-counters.css?sttwdg HTTP/1.1" 200 750 "https://barbanza.sixtema.dev/" "Mozilla/5.0 (Windows NT 10.0; Win64; x64) AppleWebKit/537.36 (KHTML, like Gecko) Chrome/134.0.0.0 Safari/537.36"
83.35.166.56 - - [28/Mar/2025:13:11:27 +0100] "GET /core/modules/system/css/components/system-status-report-general-info.css?sttwdg HTTP/1.1" 200 617 "https://barbanza.sixtema.dev/" "Mozilla/5.0 (Windows NT 10.0; Win64; x64) AppleWebKit/537.36 (KHTML, like Gecko) Chrome/134.0.0.0 Safari/537.36"
83.35.166.56 - - [28/Mar/2025:13:11:27 +0100] "GET /core/modules/system/css/components/tablesort.module.css?sttwdg HTTP/1.1" 200 653 "https://barbanza.sixtema.dev/" "Mozilla/5.0 (Windows NT 10.0; Win64; x64) AppleWebKit/537.36 (KHTML, like Gecko) Chrome/134.0.0.0 Safari/537.36"
83.35.166.56 - - [28/Mar/2025:13:11:27 +0100] "GET /core/modules/contextual/css/contextual.module.css?sttwdg HTTP/1.1" 200 637 "https://barbanza.sixtema.dev/" "Mozilla/5.0 (Windows NT 10.0; Win64; x64) AppleWebKit/537.36 (KHTML, like Gecko) Chrome/134.0.0.0 Safari/537.36"
83.35.166.56 - - [28/Mar/2025:13:11:27 +0100] "GET /core/modules/contextual/css/contextual.toolbar.css?sttwdg HTTP/1.1" 200 767 "https://barbanza.sixtema.dev/" "Mozilla/5.0 (Windows NT 10.0; Win64; x64) AppleWebKit/537.36 (KHTML, like Gecko) Chrome/134.0.0.0 Safari/537.36"
83.35.166.56 - - [28/Mar/2025:13:11:27 +0100] "GET /libraries/cookiesjsr/dist/cookiesjsr.min.css?sttwdg HTTP/1.1" 200 3303 "https://barbanza.sixtema.dev/" "Mozilla/5.0 (Windows NT 10.0; Win64; x64) AppleWebKit/537.36 (KHTML, like Gecko) Chrome/134.0.0.0 Safari/537.36"
83.35.166.56 - - [28/Mar/2025:13:11:27 +0100] "GET /themes/contrib/artisan/components/media/media.css?sttwdg HTTP/1.1" 200 622 "https://barbanza.sixtema.dev/" "Mozilla/5.0 (Windows NT 10.0; Win64; x64) AppleWebKit/537.36 (KHTML, like Gecko) Chrome/134.0.0.0 Safari/537.36"
83.35.166.56 - - [28/Mar/2025:13:11:27 +0100] "GET /themes/contrib/artisan/components/local-tasks-floating/local-tasks-floating-block.css?sttwdg HTTP/1.1" 200 928 "https://barbanza.sixtema.dev/" "Mozilla/5.0 (Windows NT 10.0; Win64; x64) AppleWebKit/537.36 (KHTML, like Gecko) Chrome/134.0.0.0 Safari/537.36"
83.35.166.56 - - [28/Mar/2025:13:11:27 +0100] "GET /modules/custom/kiosk_nav/css/kiosk-nav-query.css?sttwdg HTTP/1.1" 200 554 "https://barbanza.sixtema.dev/" "Mozilla/5.0 (Windows NT 10.0; Win64; x64) AppleWebKit/537.36 (KHTML, like Gecko) Chrome/134.0.0.0 Safari/537.36"
83.35.166.56 - - [28/Mar/2025:13:11:27 +0100] "GET /themes/custom/artisan_caminofrances/components/page/page.css?sttwdg HTTP/1.1" 200 1199 "https://barbanza.sixtema.dev/" "Mozilla/5.0 (Windows NT 10.0; Win64; x64) AppleWebKit/537.36 (KHTML, like Gecko) Chrome/134.0.0.0 Safari/537.36"
83.35.166.56 - - [28/Mar/2025:13:11:27 +0100] "GET /core/themes/claro/css/components/toolbar.module.css?sttwdg HTTP/1.1" 200 2495 "https://barbanza.sixtema.dev/" "Mozilla/5.0 (Windows NT 10.0; Win64; x64) AppleWebKit/537.36 (KHTML, like Gecko) Chrome/134.0.0.0 Safari/537.36"
83.35.166.56 - - [28/Mar/2025:13:11:27 +0100] "GET /modules/contrib/environment_indicator/css/environment_indicator.css?sttwdg HTTP/1.1" 200 1332 "https://barbanza.sixtema.dev/" "Mozilla/5.0 (Windows NT 10.0; Win64; x64) AppleWebKit/537.36 (KHTML, like Gecko) Chrome/134.0.0.0 Safari/537.36"
83.35.166.56 - - [28/Mar/2025:13:11:27 +0100] "GET /core/modules/views/css/views.module.css?sttwdg HTTP/1.1" 200 660 "https://barbanza.sixtema.dev/" "Mozilla/5.0 (Windows NT 10.0; Win64; x64) AppleWebKit/537.36 (KHTML, like Gecko) Chrome/134.0.0.0 Safari/537.36"
83.35.166.56 - - [28/Mar/2025:13:11:27 +0100] "GET /core/themes/claro/css/state/toolbar.menu.css?sttwdg HTTP/1.1" 200 1351 "https://barbanza.sixtema.dev/" "Mozilla/5.0 (Windows NT 10.0; Win64; x64) AppleWebKit/537.36 (KHTML, like Gecko) Chrome/134.0.0.0 Safari/537.36"
83.35.166.56 - - [28/Mar/2025:13:11:27 +0100] "GET /modules/contrib/addtoany/css/addtoany.css?sttwdg HTTP/1.1" 200 785 "https://barbanza.sixtema.dev/" "Mozilla/5.0 (Windows NT 10.0; Win64; x64) AppleWebKit/537.36 (KHTML, like Gecko) Chrome/134.0.0.0 Safari/537.36"
83.35.166.56 - - [28/Mar/2025:13:11:27 +0100] "GET /modules/contrib/admin_toolbar/admin_toolbar_tools/css/tools.css?sttwdg HTTP/1.1" 200 788 "https://barbanza.sixtema.dev/" "Mozilla/5.0 (Windows NT 10.0; Win64; x64) AppleWebKit/537.36 (KHTML, like Gecko) Chrome/134.0.0.0 Safari/537.36"
83.35.166.56 - - [28/Mar/2025:13:11:27 +0100] "GET /modules/contrib/admin_toolbar/css/admin.toolbar.css?sttwdg HTTP/1.1" 200 1223 "https://barbanza.sixtema.dev/" "Mozilla/5.0 (Windows NT 10.0; Win64; x64) AppleWebKit/537.36 (KHTML, like Gecko) Chrome/134.0.0.0 Safari/537.36"
83.35.166.56 - - [28/Mar/2025:13:11:27 +0100] "GET /core/modules/contextual/css/contextual.theme.css?sttwdg HTTP/1.1" 200 1190 "https://barbanza.sixtema.dev/" "Mozilla/5.0 (Windows NT 10.0; Win64; x64) AppleWebKit/537.36 (KHTML, like Gecko) Chrome/134.0.0.0 Safari/537.36"
83.35.166.56 - - [28/Mar/2025:13:11:27 +0100] "GET /core/modules/contextual/css/contextual.icons.theme.css?sttwdg HTTP/1.1" 200 1180 "https://barbanza.sixtema.dev/" "Mozilla/5.0 (Windows NT 10.0; Win64; x64) AppleWebKit/537.36 (KHTML, like Gecko) Chrome/134.0.0.0 Safari/537.36"
83.35.166.56 - - [28/Mar/2025:13:11:27 +0100] "GET /core/modules/shortcut/css/shortcut.theme.css?sttwdg HTTP/1.1" 200 895 "https://barbanza.sixtema.dev/" "Mozilla/5.0 (Windows NT 10.0; Win64; x64) AppleWebKit/537.36 (KHTML, like Gecko) Chrome/134.0.0.0 Safari/537.36"
83.35.166.56 - - [28/Mar/2025:13:11:27 +0100] "GET /core/modules/shortcut/css/shortcut.icons.theme.css?sttwdg HTTP/1.1" 200 6073 "https://barbanza.sixtema.dev/" "Mozilla/5.0 (Windows NT 10.0; Win64; x64) AppleWebKit/537.36 (KHTML, like Gecko) Chrome/134.0.0.0 Safari/537.36"
83.35.166.56 - - [28/Mar/2025:13:11:27 +0100] "GET /core/themes/claro/css/theme/toolbar.theme.css?sttwdg HTTP/1.1" 200 1635 "https://barbanza.sixtema.dev/" "Mozilla/5.0 (Windows NT 10.0; Win64; x64) AppleWebKit/537.36 (KHTML, like Gecko) Chrome/134.0.0.0 Safari/537.36"
83.35.166.56 - - [28/Mar/2025:13:11:27 +0100] "GET /core/themes/claro/css/theme/toolbar.icons.theme.css?sttwdg HTTP/1.1" 200 5313 "https://barbanza.sixtema.dev/" "Mozilla/5.0 (Windows NT 10.0; Win64; x64) AppleWebKit/537.36 (KHTML, like Gecko) Chrome/134.0.0.0 Safari/537.36"
83.35.166.56 - - [28/Mar/2025:13:11:27 +0100] "GET /core/modules/user/css/user.icons.admin.css?sttwdg HTTP/1.1" 200 1058 "https://barbanza.sixtema.dev/" "Mozilla/5.0 (Windows NT 10.0; Win64; x64) AppleWebKit/537.36 (KHTML, like Gecko) Chrome/134.0.0.0 Safari/537.36"
83.35.166.56 - - [28/Mar/2025:13:11:27 +0100] "GET /themes/custom/artisan_caminofrances/build/css/slick-theme.css?sttwdg HTTP/1.1" 200 1311 "https://barbanza.sixtema.dev/" "Mozilla/5.0 (Windows NT 10.0; Win64; x64) AppleWebKit/537.36 (KHTML, like Gecko) Chrome/134.0.0.0 Safari/537.36"
83.35.166.56 - - [28/Mar/2025:13:11:27 +0100] "GET /themes/custom/artisan_caminofrances/build/css/style.css?sttwdg HTTP/1.1" 200 27957 "https://barbanza.sixtema.dev/" "Mozilla/5.0 (Windows NT 10.0; Win64; x64) AppleWebKit/537.36 (KHTML, like Gecko) Chrome/134.0.0.0 Safari/537.36"
83.35.166.56 - - [28/Mar/2025:13:11:27 +0100] "GET /themes/custom/artisan_caminofrances/build/css/nuevos.css?sttwdg HTTP/1.1" 200 2095 "https://barbanza.sixtema.dev/" "Mozilla/5.0 (Windows NT 10.0; Win64; x64) AppleWebKit/537.36 (KHTML, like Gecko) Chrome/134.0.0.0 Safari/537.36"
83.35.166.56 - - [28/Mar/2025:13:11:27 +0100] "GET /themes/custom/artisan_caminofrances/build/css/slick.css?sttwdg HTTP/1.1" 200 1014 "https://barbanza.sixtema.dev/" "Mozilla/5.0 (Windows NT 10.0; Win64; x64) AppleWebKit/537.36 (KHTML, like Gecko) Chrome/134.0.0.0 Safari/537.36"
83.35.166.56 - - [28/Mar/2025:13:11:27 +0100] "GET /core/misc/touchevents-test.js?v=10.4.4 HTTP/1.1" 200 636 "https://barbanza.sixtema.dev/" "Mozilla/5.0 (Windows NT 10.0; Win64; x64) AppleWebKit/537.36 (KHTML, like Gecko) Chrome/134.0.0.0 Safari/537.36"
83.35.166.56 - - [28/Mar/2025:13:11:27 +0100] "GET /sites/default/files/languages/gl_YaOUe1L3EKwjWUXo1YtQbFihAmcYOoGovBEoepyq-jY.js?sttwdg HTTP/1.1" 200 1526 "https://barbanza.sixtema.dev/" "Mozilla/5.0 (Windows NT 10.0; Win64; x64) AppleWebKit/537.36 (KHTML, like Gecko) Chrome/134.0.0.0 Safari/537.36"
83.35.166.56 - - [28/Mar/2025:13:11:27 +0100] "GET /core/misc/drupalSettingsLoader.js?v=10.4.4 HTTP/1.1" 200 841 "https://barbanza.sixtema.dev/" "Mozilla/5.0 (Windows NT 10.0; Win64; x64) AppleWebKit/537.36 (KHTML, like Gecko) Chrome/134.0.0.0 Safari/537.36"
83.35.166.56 - - [28/Mar/2025:13:11:27 +0100] "GET /core/misc/drupal.js?v=10.4.4 HTTP/1.1" 200 6666 "https://barbanza.sixtema.dev/" "Mozilla/5.0 (Windows NT 10.0; Win64; x64) AppleWebKit/537.36 (KHTML, like Gecko) Chrome/134.0.0.0 Safari/537.36"
83.35.166.56 - - [28/Mar/2025:13:11:27 +0100] "GET /core/misc/drupal.init.js?v=10.4.4 HTTP/1.1" 200 945 "https://barbanza.sixtema.dev/" "Mozilla/5.0 (Windows NT 10.0; Win64; x64) AppleWebKit/537.36 (KHTML, like Gecko) Chrome/134.0.0.0 Safari/537.36"
83.35.166.56 - - [28/Mar/2025:13:11:27 +0100] "GET /core/misc/debounce.js?v=10.4.4 HTTP/1.1" 200 1118 "https://barbanza.sixtema.dev/" "Mozilla/5.0 (Windows NT 10.0; Win64; x64) AppleWebKit/537.36 (KHTML, like Gecko) Chrome/134.0.0.0 Safari/537.36"
83.35.166.56 - - [28/Mar/2025:13:11:27 +0100] "GET /core/misc/announce.js?v=10.4.4 HTTP/1.1" 200 2151 "https://barbanza.sixtema.dev/" "Mozilla/5.0 (Windows NT 10.0; Win64; x64) AppleWebKit/537.36 (KHTML, like Gecko) Chrome/134.0.0.0 Safari/537.36"
83.35.166.56 - - [28/Mar/2025:13:11:27 +0100] "GET /core/misc/message.js?v=10.4.4 HTTP/1.1" 200 2887 "https://barbanza.sixtema.dev/" "Mozilla/5.0 (Windows NT 10.0; Win64; x64) AppleWebKit/537.36 (KHTML, like Gecko) Chrome/134.0.0.0 Safari/537.36"
83.35.166.56 - - [28/Mar/2025:13:11:27 +0100] "GET /modules/contrib/google_tag/js/gtag.js?sttwdg HTTP/1.1" 200 1016 "https://barbanza.sixtema.dev/" "Mozilla/5.0 (Windows NT 10.0; Win64; x64) AppleWebKit/537.36 (KHTML, like Gecko) Chrome/134.0.0.0 Safari/537.36"
83.35.166.56 - - [28/Mar/2025:13:11:28 +0100] "GET /core/modules/toolbar/js/toolbar.anti-flicker.js?v=10.4.4 HTTP/1.1" 200 1537 "https://barbanza.sixtema.dev/" "Mozilla/5.0 (Windows NT 10.0; Win64; x64) AppleWebKit/537.36 (KHTML, like Gecko) Chrome/134.0.0.0 Safari/537.36"
83.35.166.56 - - [28/Mar/2025:13:11:28 +0100] "GET /sites/default/files/languages/gl_YaOUe1L3EKwjWUXo1YtQbFihAmcYOoGovBEoepyq-jY.js?sttwdg HTTP/1.1" 200 4089 "-" "Mozilla/5.0 (Windows NT 10.0; Win64; x64) AppleWebKit/537.36 (KHTML, like Gecko) Chrome/134.0.0.0 Safari/537.36"
83.35.166.56 - - [28/Mar/2025:13:11:28 +0100] "GET /core/assets/vendor/jquery/jquery.min.js?v=3.7.1 HTTP/1.1" 200 30928 "https://barbanza.sixtema.dev/" "Mozilla/5.0 (Windows NT 10.0; Win64; x64) AppleWebKit/537.36 (KHTML, like Gecko) Chrome/134.0.0.0 Safari/537.36"
83.35.166.56 - - [28/Mar/2025:13:11:28 +0100] "GET /modules/contrib/google_tag/js/gtag.js?sttwdg HTTP/1.1" 200 1016 "-" "Mozilla/5.0 (Windows NT 10.0; Win64; x64) AppleWebKit/537.36 (KHTML, like Gecko) Chrome/134.0.0.0 Safari/537.36"
83.35.166.56 - - [28/Mar/2025:13:11:28 +0100] "GET /themes/custom/artisan_caminofrances/logo.png HTTP/1.1" 200 306061 "https://barbanza.sixtema.dev/" "Mozilla/5.0 (Windows NT 10.0; Win64; x64) AppleWebKit/537.36 (KHTML, like Gecko) Chrome/134.0.0.0 Safari/537.36"
83.35.166.56 - - [28/Mar/2025:13:11:28 +0100] "GET /sites/default/files/styles/vlsuite_original_optimized_large/public/2025-02/escapadas_504211965_246952108_800x533_0.webp?itok=1owZYvqo HTTP/1.1" 200 186096 "https://barbanza.sixtema.dev/" "Mozilla/5.0 (Windows NT 10.0; Win64; x64) AppleWebKit/537.36 (KHTML, like Gecko) Chrome/134.0.0.0 Safari/537.36"
83.35.166.56 - - [28/Mar/2025:13:11:28 +0100] "GET /sites/default/files/styles/vlsuite_original_optimized_large/public/2025-02/2020-02-25-boiro-1.webp?itok=kf1-51H1 HTTP/1.1" 200 1019841 "https://barbanza.sixtema.dev/" "Mozilla/5.0 (Windows NT 10.0; Win64; x64) AppleWebKit/537.36 (KHTML, like Gecko) Chrome/134.0.0.0 Safari/537.36"
83.35.166.56 - - [28/Mar/2025:13:11:28 +0100] "GET /modules/contrib/environment_indicator/images/env-bebebe.svg HTTP/1.1" 200 1924 "https://barbanza.sixtema.dev/modules/contrib/environment_indicator/css/environment_indicator.css?sttwdg" "Mozilla/5.0 (Windows NT 10.0; Win64; x64) AppleWebKit/537.36 (KHTML, like Gecko) Chrome/134.0.0.0 Safari/537.36"
83.35.166.56 - - [28/Mar/2025:13:11:28 +0100] "GET /modules/contrib/admin_toolbar/admin_toolbar_tools/misc/icons/ffffff/drupal-9-logo.svg HTTP/1.1" 200 1580 "https://barbanza.sixtema.dev/modules/contrib/admin_toolbar/admin_toolbar_tools/css/tools.css?sttwdg" "Mozilla/5.0 (Windows NT 10.0; Win64; x64) AppleWebKit/537.36 (KHTML, like Gecko) Chrome/134.0.0.0 Safari/537.36"
83.35.166.56 - - [28/Mar/2025:13:11:28 +0100] "GET /core/assets/vendor/underscore/underscore-min.js?v=1.13.7 HTTP/1.1" 200 7975 "https://barbanza.sixtema.dev/" "Mozilla/5.0 (Windows NT 10.0; Win64; x64) AppleWebKit/537.36 (KHTML, like Gecko) Chrome/134.0.0.0 Safari/537.36"
83.35.166.56 - - [28/Mar/2025:13:11:28 +0100] "GET /sites/default/files/styles/vlsuite_original_optimized_large/public/2025-02/2020-02-25-a-pobra-do-caraminal-5.webp?itok=wby7et22 HTTP/1.1" 200 1019441 "https://barbanza.sixtema.dev/" "Mozilla/5.0 (Windows NT 10.0; Win64; x64) AppleWebKit/537.36 (KHTML, like Gecko) Chrome/134.0.0.0 Safari/537.36"
83.35.166.56 - - [28/Mar/2025:13:11:28 +0100] "GET /core/assets/vendor/once/once.min.js?v=1.0.1 HTTP/1.1" 200 1151 "https://barbanza.sixtema.dev/" "Mozilla/5.0 (Windows NT 10.0; Win64; x64) AppleWebKit/537.36 (KHTML, like Gecko) Chrome/134.0.0.0 Safari/537.36"
83.35.166.56 - - [28/Mar/2025:13:11:28 +0100] "GET /sites/default/files/portada/APOBRA.IMAGENHOME.MiradorCurota_Dron_01.jpg HTTP/1.1" 200 650596 "https://barbanza.sixtema.dev/" "Mozilla/5.0 (Windows NT 10.0; Win64; x64) AppleWebKit/537.36 (KHTML, like Gecko) Chrome/134.0.0.0 Safari/537.36"
83.35.166.56 - - [28/Mar/2025:13:11:28 +0100] "GET /core/assets/vendor/backbone/backbone-min.js?v=1.6.0 HTTP/1.1" 200 8684 "https://barbanza.sixtema.dev/" "Mozilla/5.0 (Windows NT 10.0; Win64; x64) AppleWebKit/537.36 (KHTML, like Gecko) Chrome/134.0.0.0 Safari/537.36"
83.35.166.56 - - [28/Mar/2025:13:11:28 +0100] "GET /core/modules/contextual/js/contextual.js?v=10.4.4 HTTP/1.1" 200 3816 "https://barbanza.sixtema.dev/" "Mozilla/5.0 (Windows NT 10.0; Win64; x64) AppleWebKit/537.36 (KHTML, like Gecko) Chrome/134.0.0.0 Safari/537.36"
83.35.166.56 - - [28/Mar/2025:13:11:28 +0100] "GET /core/modules/contextual/js/models/StateModel.js?v=10.4.4 HTTP/1.1" 200 1407 "https://barbanza.sixtema.dev/" "Mozilla/5.0 (Windows NT 10.0; Win64; x64) AppleWebKit/537.36 (KHTML, like Gecko) Chrome/134.0.0.0 Safari/537.36"
83.35.166.56 - - [28/Mar/2025:13:11:28 +0100] "GET /core/modules/contextual/js/views/AuralView.js?v=10.4.4 HTTP/1.1" 200 1102 "https://barbanza.sixtema.dev/" "Mozilla/5.0 (Windows NT 10.0; Win64; x64) AppleWebKit/537.36 (KHTML, like Gecko) Chrome/134.0.0.0 Safari/537.36"
83.35.166.56 - - [28/Mar/2025:13:11:28 +0100] "GET /core/modules/contextual/js/views/KeyboardView.js?v=10.4.4 HTTP/1.1" 200 1201 "https://barbanza.sixtema.dev/" "Mozilla/5.0 (Windows NT 10.0; Win64; x64) AppleWebKit/537.36 (KHTML, like Gecko) Chrome/134.0.0.0 Safari/537.36"
83.35.166.56 - - [28/Mar/2025:13:11:28 +0100] "GET /core/modules/contextual/js/views/RegionView.js?v=10.4.4 HTTP/1.1" 200 1306 "https://barbanza.sixtema.dev/" "Mozilla/5.0 (Windows NT 10.0; Win64; x64) AppleWebKit/537.36 (KHTML, like Gecko) Chrome/134.0.0.0 Safari/537.36"
83.35.166.56 - - [28/Mar/2025:13:11:28 +0100] "GET /core/modules/contextual/js/views/VisualView.js?v=10.4.4 HTTP/1.1" 200 1712 "https://barbanza.sixtema.dev/" "Mozilla/5.0 (Windows NT 10.0; Win64; x64) AppleWebKit/537.36 (KHTML, like Gecko) Chrome/134.0.0.0 Safari/537.36"
83.35.166.56 - - [28/Mar/2025:13:11:28 +0100] "GET /modules/contrib/addtoany/js/addtoany.js?v=10.4.4 HTTP/1.1" 200 695 "https://barbanza.sixtema.dev/" "Mozilla/5.0 (Windows NT 10.0; Win64; x64) AppleWebKit/537.36 (KHTML, like Gecko) Chrome/134.0.0.0 Safari/537.36"
83.35.166.56 - - [28/Mar/2025:13:11:28 +0100] "GET /core/assets/vendor/tabbable/index.umd.min.js?v=6.2.0 HTTP/1.1" 200 2902 "https://barbanza.sixtema.dev/" "Mozilla/5.0 (Windows NT 10.0; Win64; x64) AppleWebKit/537.36 (KHTML, like Gecko) Chrome/134.0.0.0 Safari/537.36"
83.35.166.56 - - [28/Mar/2025:13:11:28 +0100] "GET /modules/contrib/admin_toolbar/js/admin_toolbar.js?sttwdg HTTP/1.1" 200 1050 "https://barbanza.sixtema.dev/" "Mozilla/5.0 (Windows NT 10.0; Win64; x64) AppleWebKit/537.36 (KHTML, like Gecko) Chrome/134.0.0.0 Safari/537.36"
83.35.166.56 - - [28/Mar/2025:13:11:28 +0100] "GET /modules/contrib/admin_toolbar/js/jquery.hoverIntent.js?sttwdg HTTP/1.1" 200 2773 "https://barbanza.sixtema.dev/" "Mozilla/5.0 (Windows NT 10.0; Win64; x64) AppleWebKit/537.36 (KHTML, like Gecko) Chrome/134.0.0.0 Safari/537.36"
83.35.166.56 - - [28/Mar/2025:13:11:28 +0100] "GET /modules/contrib/admin_toolbar/js/admin_toolbar.hoverintent.js?sttwdg HTTP/1.1" 200 772 "https://barbanza.sixtema.dev/" "Mozilla/5.0 (Windows NT 10.0; Win64; x64) AppleWebKit/537.36 (KHTML, like Gecko) Chrome/134.0.0.0 Safari/537.36"
83.35.166.56 - - [28/Mar/2025:13:11:28 +0100] "GET /themes/custom/artisan_caminofrances/build/js/main.script.js?sttwdg HTTP/1.1" 200 687 "https://barbanza.sixtema.dev/" "Mozilla/5.0 (Windows NT 10.0; Win64; x64) AppleWebKit/537.36 (KHTML, like Gecko) Chrome/134.0.0.0 Safari/537.36"
83.35.166.56 - - [28/Mar/2025:13:11:28 +0100] "GET /themes/custom/artisan_caminofrances/build/js/slick.js?sttwdg HTTP/1.1" 200 15593 "https://barbanza.sixtema.dev/" "Mozilla/5.0 (Windows NT 10.0; Win64; x64) AppleWebKit/537.36 (KHTML, like Gecko) Chrome/134.0.0.0 Safari/537.36"
83.35.166.56 - - [28/Mar/2025:13:11:28 +0100] "GET /themes/custom/artisan_caminofrances/build/js/script.js?sttwdg HTTP/1.1" 200 25437 "https://barbanza.sixtema.dev/" "Mozilla/5.0 (Windows NT 10.0; Win64; x64) AppleWebKit/537.36 (KHTML, like Gecko) Chrome/134.0.0.0 Safari/537.36"
83.35.166.56 - - [28/Mar/2025:13:11:28 +0100] "GET /themes/custom/artisan_caminofrances/build/js/nuevos.js?sttwdg HTTP/1.1" 200 1572 "https://barbanza.sixtema.dev/" "Mozilla/5.0 (Windows NT 10.0; Win64; x64) AppleWebKit/537.36 (KHTML, like Gecko) Chrome/134.0.0.0 Safari/537.36"
83.35.166.56 - - [28/Mar/2025:13:11:28 +0100] "GET /core/misc/progress.js?v=10.4.4 HTTP/1.1" 200 2164 "https://barbanza.sixtema.dev/" "Mozilla/5.0 (Windows NT 10.0; Win64; x64) AppleWebKit/537.36 (KHTML, like Gecko) Chrome/134.0.0.0 Safari/537.36"
83.35.166.56 - - [28/Mar/2025:13:11:28 +0100] "GET /core/assets/vendor/loadjs/loadjs.min.js?v=4.3.0 HTTP/1.1" 200 1399 "https://barbanza.sixtema.dev/" "Mozilla/5.0 (Windows NT 10.0; Win64; x64) AppleWebKit/537.36 (KHTML, like Gecko) Chrome/134.0.0.0 Safari/537.36"
83.35.166.56 - - [28/Mar/2025:13:11:28 +0100] "GET /core/misc/ajax.js?v=10.4.4 HTTP/1.1" 200 17639 "https://barbanza.sixtema.dev/" "Mozilla/5.0 (Windows NT 10.0; Win64; x64) AppleWebKit/537.36 (KHTML, like Gecko) Chrome/134.0.0.0 Safari/537.36"
83.35.166.56 - - [28/Mar/2025:13:11:28 +0100] "GET /core/modules/big_pipe/js/big_pipe.js?v=10.4.4 HTTP/1.1" 200 2674 "https://barbanza.sixtema.dev/" "Mozilla/5.0 (Windows NT 10.0; Win64; x64) AppleWebKit/537.36 (KHTML, like Gecko) Chrome/134.0.0.0 Safari/537.36"
83.35.166.56 - - [28/Mar/2025:13:11:28 +0100] "GET /core/misc/tabbingmanager.js?v=10.4.4 HTTP/1.1" 200 3874 "https://barbanza.sixtema.dev/" "Mozilla/5.0 (Windows NT 10.0; Win64; x64) AppleWebKit/537.36 (KHTML, like Gecko) Chrome/134.0.0.0 Safari/537.36"
83.35.166.56 - - [28/Mar/2025:13:11:28 +0100] "GET /core/modules/contextual/js/contextual.toolbar.js?v=10.4.4 HTTP/1.1" 200 1379 "https://barbanza.sixtema.dev/" "Mozilla/5.0 (Windows NT 10.0; Win64; x64) AppleWebKit/537.36 (KHTML, like Gecko) Chrome/134.0.0.0 Safari/537.36"
83.35.166.56 - - [28/Mar/2025:13:11:28 +0100] "GET /core/modules/contextual/js/toolbar/models/StateModel.js?v=10.4.4 HTTP/1.1" 200 1590 "https://barbanza.sixtema.dev/" "Mozilla/5.0 (Windows NT 10.0; Win64; x64) AppleWebKit/537.36 (KHTML, like Gecko) Chrome/134.0.0.0 Safari/537.36"
83.35.166.56 - - [28/Mar/2025:13:11:28 +0100] "GET /core/modules/contextual/js/toolbar/views/AuralView.js?v=10.4.4 HTTP/1.1" 200 1690 "https://barbanza.sixtema.dev/" "Mozilla/5.0 (Windows NT 10.0; Win64; x64) AppleWebKit/537.36 (KHTML, like Gecko) Chrome/134.0.0.0 Safari/537.36"
83.35.166.56 - - [28/Mar/2025:13:11:28 +0100] "GET /core/modules/contextual/js/toolbar/views/VisualView.js?v=10.4.4 HTTP/1.1" 200 1327 "https://barbanza.sixtema.dev/" "Mozilla/5.0 (Windows NT 10.0; Win64; x64) AppleWebKit/537.36 (KHTML, like Gecko) Chrome/134.0.0.0 Safari/537.36"
83.35.166.56 - - [28/Mar/2025:13:11:28 +0100] "GET /modules/custom/cookies_gtag_consent_mode/js/cookies_gtag_consent_mode.js?v=10.4.4 HTTP/1.1" 200 976 "https://barbanza.sixtema.dev/" "Mozilla/5.0 (Windows NT 10.0; Win64; x64) AppleWebKit/537.36 (KHTML, like Gecko) Chrome/134.0.0.0 Safari/537.36"
83.35.166.56 - - [28/Mar/2025:13:11:28 +0100] "GET /core/misc/active-link.js?v=10.4.4 HTTP/1.1" 200 1461 "https://barbanza.sixtema.dev/" "Mozilla/5.0 (Windows NT 10.0; Win64; x64) AppleWebKit/537.36 (KHTML, like Gecko) Chrome/134.0.0.0 Safari/537.36"
83.35.166.56 - - [28/Mar/2025:13:11:28 +0100] "GET /modules/contrib/environment_indicator/js/environment_indicator.js?v=3.0 HTTP/1.1" 200 1360 "https://barbanza.sixtema.dev/" "Mozilla/5.0 (Windows NT 10.0; Win64; x64) AppleWebKit/537.36 (KHTML, like Gecko) Chrome/134.0.0.0 Safari/537.36"
83.35.166.56 - - [28/Mar/2025:13:11:28 +0100] "GET /modules/contrib/environment_indicator/js/color.js?v=3.0 HTTP/1.1" 200 1267 "https://barbanza.sixtema.dev/" "Mozilla/5.0 (Windows NT 10.0; Win64; x64) AppleWebKit/537.36 (KHTML, like Gecko) Chrome/134.0.0.0 Safari/537.36"
83.35.166.56 - - [28/Mar/2025:13:11:28 +0100] "GET /modules/contrib/environment_indicator/js/tinycon.min.js?v=3.0 HTTP/1.1" 200 2063 "https://barbanza.sixtema.dev/" "Mozilla/5.0 (Windows NT 10.0; Win64; x64) AppleWebKit/537.36 (KHTML, like Gecko) Chrome/134.0.0.0 Safari/537.36"
